{
  "errors": [
    {
      "message": "The field \u0060registerApplicant\u0060 does not exist on the type \u0060Mutation\u0060.",
      "locations": [
        {
          "line": 3,
          "column": 17
        }
      ],
      "extensions": {
        "type": "Mutation",
        "field": "registerApplicant",
        "responseName": "registerApplicant",
        "specifiedBy": "http://spec.graphql.org/June2018/#sec-Field-Selections-on-Objects-Interfaces-and-Unions-Types"
      }
    }
  ]
}
